----------------------------------------------------------------------------------------------------
      name:  <unnamed>
       log:  C:\Users\16332\Desktop\Economitrics\HomeWork\4.18_Third\Decision\Q1\test.log
  log type:  text
 opened on:  26 Apr 2022, 16:01:29

. use "C:\Users\16332\Desktop\Economitrics\HomeWork\4.18_Third\Decision\Q1\emp2007.dta"

. 
end of do-file

. reg eduy age

      Source |       SS           df       MS      Number of obs   =    31,237
-------------+----------------------------------   F(1, 31235)     =   1595.72
       Model |  11016.0209         1  11016.0209   Prob > F        =    0.0000
    Residual |  215630.588    31,235  6.90349248   R-squared       =    0.0486
-------------+----------------------------------   Adj R-squared   =    0.0486
       Total |  226646.609    31,236  7.25594214   Root MSE        =    2.6274

------------------------------------------------------------------------------
        eduy |      Coef.   Std. Err.      t    P>|t|     [95% Conf. Interval]
-------------+----------------------------------------------------------------
         age |  -.0698232   .0017479   -39.95   0.000    -.0732492   -.0663972
       _cons |   14.61384   .0654539   223.27   0.000     14.48554    14.74213
------------------------------------------------------------------------------

. do "C:\Users\16332\AppData\Local\Temp\STD11fd0_000000.tmp"

. gen age_squared = age * age

. 
end of do-file

.  do "C:\Users\16332\AppData\Local\Temp\STD11fd0_000000.tmp"

. reg eduy age age_squared

      Source |       SS           df       MS      Number of obs   =    31,237
-------------+----------------------------------   F(2, 31234)     =    938.32
       Model |  12845.9019         2  6422.95093   Prob > F        =    0.0000
    Residual |  213800.707    31,234  6.84512732   R-squared       =    0.0567
-------------+----------------------------------   Adj R-squared   =    0.0566
       Total |  226646.609    31,236  7.25594214   Root MSE        =    2.6163

------------------------------------------------------------------------------
        eduy |      Coef.   Std. Err.      t    P>|t|     [95% Conf. Interval]
-------------+----------------------------------------------------------------
         age |   .1898534   .0159773    11.88   0.000     .1585372    .2211696
 age_squared |  -.0036236   .0002216   -16.35   0.000     -.004058   -.0031892
       _cons |   10.22516   .2762183    37.02   0.000     9.683763    10.76656
------------------------------------------------------------------------------

. 
end of do-file

. do "C:\Users\16332\AppData\Local\Temp\STD11fd0_000000.tmp"

. reg lnw eduy age age_squred
variable age_squred not found
r(111);

end of do-file

r(111);

. do "C:\Users\16332\AppData\Local\Temp\STD11fd0_000000.tmp"

. reg lnw eduy age age_squared

      Source |       SS           df       MS      Number of obs   =    31,237
-------------+----------------------------------   F(3, 31233)     =   2965.09
       Model |  1114.64492         3  371.548308   Prob > F        =    0.0000
    Residual |  3913.72702    31,233  .125307432   R-squared       =    0.2217
-------------+----------------------------------   Adj R-squared   =    0.2216
       Total |  5028.37194    31,236  .160980021   Root MSE        =    .35399

------------------------------------------------------------------------------
         lnw |      Coef.   Std. Err.      t    P>|t|     [95% Conf. Interval]
-------------+----------------------------------------------------------------
        eduy |   .0618749   .0007656    80.82   0.000     .0603744    .0633754
         age |   .0473089   .0021666    21.84   0.000     .0430622    .0515555
 age_squared |  -.0004588   .0000301   -15.23   0.000    -.0005178   -.0003997
       _cons |   .4115976   .0381834    10.78   0.000     .3367567    .4864385
------------------------------------------------------------------------------

. 
end of do-file

. exit, clear
