----------------------------------------------------------------------------------------------------
      name:  <unnamed>
       log:  C:\Users\16332\Desktop\Economitrics\HomeWork\4.18_Third\Decision\Q3\test.log
  log type:  text
 opened on:   1 May 2022, 16:30:58

. use "C:\Users\16332\Desktop\Economitrics\HomeWork\4.18_Third\Decision\Q3\hprice1.dta"

. 
end of do-file

. edit

. do "C:\Users\16332\AppData\Local\Temp\
> STDa21c_000000.tmp"

. reg price assess

      Source |       SS           df    
>    MS      Number of obs   =        88
-------------+--------------------------
> --------   F(1, 86)        =    390.54
       Model |  752209.994         1  75
> 2209.994   Prob > F        =    0.0000
    Residual |  165644.511        86  19
> 26.09897   R-squared       =    0.8195
-------------+--------------------------
> --------   Adj R-squared   =    0.8174
       Total |  917854.506        87  10
> 550.0518   Root MSE        =    43.887

----------------------------------------
> --------------------------------------
       price |      Coef.   Std. Err.   
>    t                                  
>         P>|t|                         
>                   [95% Con            
>                           f. Interval]
-------------+--------------------------
> --------------------------------------
      assess |   .9755538   .0493652    
> 19.76                                 
>         0.000                         
>                   .8774191            
>                               1.073689
       _cons |  -14.47179   16.27339    
> -0.89                                 
>         0.376                         
>                  -46.82221            
>                               17.87863
----------------------------------------
> --------------------------------------

. 
end of do-file

. do "C:\Users\16332\AppData\Local\Temp\STDa21c_000000.tmp"

. reg price assess

      Source |       SS           df       MS      Number of obs   =        88
-------------+----------------------------------   F(1, 86)        =    390.54
       Model |  752209.994         1  752209.994   Prob > F        =    0.0000
    Residual |  165644.511        86  1926.09897   R-squared       =    0.8195
-------------+----------------------------------   Adj R-squared   =    0.8174
       Total |  917854.506        87  10550.0518   Root MSE        =    43.887

------------------------------------------------------------------------------
       price |      Coef.   Std. Err.      t    P>|t|     [95% Conf. Interval]
-------------+----------------------------------------------------------------
      assess |   .9755538   .0493652    19.76   0.000     .8774191    1.073689
       _cons |  -14.47179   16.27339    -0.89   0.376    -46.82221    17.87863
------------------------------------------------------------------------------

. 
end of do-file

. reg price

      Source |       SS           df       MS      Number of obs   =        88
-------------+----------------------------------   F(0, 87)        =      0.00
       Model |           0         0           .   Prob > F        =         .
    Residual |  917854.506        87  10550.0518   R-squared       =    0.0000
-------------+----------------------------------   Adj R-squared   =    0.0000
       Total |  917854.506        87  10550.0518   Root MSE        =    102.71

------------------------------------------------------------------------------
       price |      Coef.   Std. Err.      t    P>|t|     [95% Conf. Interval]
-------------+----------------------------------------------------------------
       _cons |    293.546   10.94929    26.81   0.000     271.7831    315.3089
------------------------------------------------------------------------------

. mean(price)

Mean estimation                   Number of obs   =         88

--------------------------------------------------------------
             |       Mean   Std. Err.     [95% Conf. Interval]
-------------+------------------------------------------------
       price |    293.546   10.94929      271.7831    315.3089
--------------------------------------------------------------

. reg price assess sqrft llotsize bdrms

      Source |       SS           df       MS      Number of obs   =        88
-------------+----------------------------------   F(4, 83)        =     99.09
       Model |  758931.422         4  189732.856   Prob > F        =    0.0000
    Residual |  158923.084        83  1914.73595   R-squared       =    0.8269
-------------+----------------------------------   Adj R-squared   =    0.8185
       Total |  917854.506        87  10550.0518   Root MSE        =    43.758

------------------------------------------------------------------------------
       price |      Coef.   Std. Err.      t    P>|t|     [95% Conf. Interval]
-------------+----------------------------------------------------------------
      assess |   .9140003   .1222434     7.48   0.000     .6708631    1.157138
       sqrft |  -.0015743   .0180032    -0.09   0.931     -.037382    .0342333
    llotsize |   5.706482   11.38069     0.50   0.617    -16.92925    28.34221
       bdrms |   12.01801   6.601493     1.82   0.072    -1.112098    25.14811
       _cons |   -85.5661   95.23378    -0.90   0.372    -274.9823    103.8501
------------------------------------------------------------------------------

. gen tmp = price - asess
asess not found
r(111);

. gen tmp=price-assess

. reg tmp

      Source |       SS           df       MS      Number of obs   =        88
-------------+----------------------------------   F(0, 87)        =      0.00
       Model |           0         0           .   Prob > F        =         .
    Residual |  166116.855        87  1909.38913   R-squared       =    0.0000
-------------+----------------------------------   Adj R-squared   =    0.0000
       Total |  166116.855        87  1909.38913   Root MSE        =    43.697

------------------------------------------------------------------------------
         tmp |      Coef.   Std. Err.      t    P>|t|     [95% Conf. Interval]
-------------+----------------------------------------------------------------
       _cons |  -22.19033   4.658069    -4.76   0.000    -31.44874   -12.93191
------------------------------------------------------------------------------

. reg price assess sqrft lotsize bdrms

      Source |       SS           df       MS      Number of obs   =        88
-------------+----------------------------------   F(4, 83)        =    100.74
       Model |  761089.801         4   190272.45   Prob > F        =    0.0000
    Residual |  156764.704        83  1888.73138   R-squared       =    0.8292
-------------+----------------------------------   Adj R-squared   =    0.8210
       Total |  917854.506        87  10550.0518   Root MSE        =     43.46

------------------------------------------------------------------------------
       price |      Coef.   Std. Err.      t    P>|t|     [95% Conf. Interval]
-------------+----------------------------------------------------------------
      assess |   .9082991   .1040386     8.73   0.000     .7013706    1.115228
       sqrft |  -.0005175   .0170849    -0.03   0.976    -.0344986    .0334636
     lotsize |   .0005867   .0004963     1.18   0.240    -.0004004    .0015738
       bdrms |   11.60249   6.549515     1.77   0.080    -1.424233    24.62921
       _cons |  -38.88702   21.49853    -1.81   0.074    -81.64673    3.872696
------------------------------------------------------------------------------

. reg lprice sqrft bdrms

      Source |       SS           df       MS      Number of obs   =        88
-------------+----------------------------------   F(2, 85)        =     60.73
       Model |  4.71671468         2  2.35835734   Prob > F        =    0.0000
    Residual |  3.30088884        85  .038833986   R-squared       =    0.5883
-------------+----------------------------------   Adj R-squared   =    0.5786
       Total |  8.01760352        87  .092156362   Root MSE        =    .19706

------------------------------------------------------------------------------
      lprice |      Coef.   Std. Err.      t    P>|t|     [95% Conf. Interval]
-------------+----------------------------------------------------------------
       sqrft |   .0003794   .0000432     8.78   0.000     .0002935    .0004654
       bdrms |   .0288844   .0296433     0.97   0.333    -.0300543    .0878232
       _cons |   4.766027   .0970445    49.11   0.000     4.573077    4.958978
------------------------------------------------------------------------------

. gen tmp1 = log(Price)
Price not found
r(111);

. gen tmp1 = log(price)

. reg tmp1 sqrft bdrms

      Source |       SS           df       MS      Number of obs   =        88
-------------+----------------------------------   F(2, 85)        =     60.73
       Model |  4.71671468         2  2.35835734   Prob > F        =    0.0000
    Residual |  3.30088884        85  .038833986   R-squared       =    0.5883
-------------+----------------------------------   Adj R-squared   =    0.5786
       Total |  8.01760352        87  .092156362   Root MSE        =    .19706

------------------------------------------------------------------------------
        tmp1 |      Coef.   Std. Err.      t    P>|t|     [95% Conf. Interval]
-------------+----------------------------------------------------------------
       sqrft |   .0003794   .0000432     8.78   0.000     .0002935    .0004654
       bdrms |   .0288844   .0296433     0.97   0.333    -.0300543    .0878232
       _cons |   4.766027   .0970445    49.11   0.000     4.573077    4.958978
------------------------------------------------------------------------------

. drop tmp

. gen tmp=sqrft-150* bdrms

. reg lprice tmp bdrms

      Source |       SS           df    
>    MS      Number of obs   =        88
-------------+--------------------------
> --------   F(2, 85)        =     60.73
       Model |  4.71671468         2  2.
> 35835734   Prob > F        =    0.0000
    Residual |  3.30088884        85  .0
> 38833986   R-squared       =    0.5883
-------------+--------------------------
> --------   Adj R-squared   =    0.5786
       Total |  8.01760352        87  .0
> 92156362   Root MSE        =    .19706

----------------------------------------
> --------------------------------------
      lprice |      Coef.   Std. Err.   
>    t                                  
>         P>|t|                         
>                   [95% Con            
>                           f. Interval]
-------------+--------------------------
> --------------------------------------
         tmp |   .0003794   .0000432    
>  8.78                                 
>         0.000                         
>                   .0002935            
>                               .0004654
       bdrms |   .0858013   .0267675    
>  3.21                                 
>         0.002                         
>                   .0325804            
>                               .1390223
       _cons |   4.766027   .0970445    
> 49.11                                 
>         0.000                         
>                   4.573077            
>                               4.958978
----------------------------------------
> --------------------------------------

. drop tmp

. gen tmp=sqrft-150* bdrms

. 
. 
. 
.  
. drop tmp

. gen tmp=squrt-150*bdrms
squrt not found
r(111);

. gen tmp=sqrt-150bdms
sqrt not found
r(111);

. gen tmp= sqrft-150*bdrms

. reg lprice tmp bdrms

      Source |       SS           df       MS      Number of obs   =        88
-------------+----------------------------------   F(2, 85)        =     60.73
       Model |  4.71671468         2  2.35835734   Prob > F        =    0.0000
    Residual |  3.30088884        85  .038833986   R-squared       =    0.5883
-------------+----------------------------------   Adj R-squared   =    0.5786
       Total |  8.01760352        87  .092156362   Root MSE        =    .19706

------------------------------------------------------------------------------
      lprice |      Coef.   Std. Err.      t    P>|t|     [95% Conf. Interval]
-------------+----------------------------------------------------------------
         tmp |   .0003794   .0000432     8.78   0.000     .0002935    .0004654
       bdrms |   .0858013   .0267675     3.21   0.002     .0325804    .1390223
       _cons |   4.766027   .0970445    49.11   0.000     4.573077    4.958978
------------------------------------------------------------------------------

. exit, clear
